torchic added
combusken added
blaziken added
torchic combusken blaziken
torchic exchanged
mudkip combusken blaziken
treecko does not exist
blaziken already exists
combusken exchanged
blaziken exchanged
mudkip marshtomp swampert
treecko added grovyle added sceptile added pikachu added
mudkip marshtomp swampert treecko grovyle sceptile pikachu
pikachu removed
sceptile removed
grovyle removed
mudkip marshtomp swampert treecko
treecko removed
swampert removed
marshtomp removed
mudkip removed
none
