invalid message
abra added
invalid message
kadabra added
alakazan added
invalid message
hooh does not exist
invalid message
abra exchanged
mimikyu kadabra alakazan
invalid message
porygon2 added
