bulbasaur added
charmander added
bulbasaur charmander
mew added
eevee added
rhyhorn added
rhyperior added
dialga added
bulbasaur already exists
sylveon added
umbreon added
steenee added
rhyhorn added
rhyperior added
