charizard added
raichu added
torchic added
charizard removed
raichu
torchic
charizard does not exist
spoink added
raichu
torchic
spoink
